
> nhatrohaiphong@0.1.0 build
> next build

▲ Next.js 16.2.6 (Turbopack)
- Environments: .env

  Creating an optimized production build ...
✓ Compiled successfully in 3.8s
  Running TypeScript ...
  Finished TypeScript in 6.1s ...
  Collecting page data using 11 workers ...
  Generating static pages using 11 workers (0/59) ...
  Generating static pages using 11 workers (14/59) 
  Generating static pages using 11 workers (29/59) 
  Generating static pages using 11 workers (44/59) 
✓ Generating static pages using 11 workers (59/59) in 516ms
  Finalizing page optimization ...

Route (app)                       Revalidate  Expire
┌ ○ /                                     5m      1y
├ ○ /_not-found
├ ƒ /[slug]
├ ƒ /account/upgrade-landlord
├ ƒ /admin
├ ƒ /admin/analytics
├ ƒ /admin/audit-logs
├ ƒ /admin/cities
├ ƒ /admin/districts
├ ƒ /admin/landing-pages
├ ƒ /admin/landlords
├ ƒ /admin/permissions
├ ƒ /admin/points-of-interest
├ ƒ /admin/properties
├ ƒ /admin/roles
├ ƒ /admin/rooms
├ ƒ /admin/settings
├ ƒ /admin/upgrade-requests
├ ƒ /admin/users
├ ƒ /admin/wards
├ ƒ /api/admin/audit-logs
├ ƒ /api/admin/cities
├ ƒ /api/admin/districts
├ ƒ /api/admin/landing-pages
├ ƒ /api/admin/landlords
├ ƒ /api/admin/permissions
├ ƒ /api/admin/poi
├ ƒ /api/admin/roles
├ ƒ /api/admin/rooms
├ ƒ /api/admin/settings
├ ƒ /api/admin/users
├ ƒ /api/admin/wards
├ ƒ /api/auth/change-password
├ ƒ /api/auth/forgot-password
├ ƒ /api/auth/login
├ ƒ /api/auth/logout
├ ƒ /api/auth/logout-all
├ ƒ /api/auth/me
├ ƒ /api/auth/refresh
├ ƒ /api/auth/register
├ ƒ /api/auth/reset-password
├ ƒ /api/auth/verify-email
├ ƒ /api/health
├ ƒ /api/internal/auth/authorize
├ ƒ /api/landlord/rooms
├ ƒ /api/landlord/rooms/[id]
├ ƒ /api/search
├ ƒ /api/search/landing-page
├ ƒ /api/search/nearby
├ ƒ /api/search/poi
├ ƒ /api/search/suggestions
├ ○ /forgot-password
├ ƒ /landlord
├ ƒ /landlord/rooms/[id]/edit
├ ƒ /landlord/rooms/new
├ ○ /login
├ ƒ /phong/[slug]
├ ○ /register
├ ○ /reset-password
├ ○ /robots.txt
└ ○ /sitemap.xml                          5m      1y


ƒ Proxy (Middleware)

○  (Static)   prerendered as static content
ƒ  (Dynamic)  server-rendered on demand

